./files/simple.go:3:6: exported type T should have comment or be unexported
